[mikeadamsgolf.com/miura-vs-mizuno/index.html]
[backblue.gif]
[fade.gif]
[index.html]
[imgsaya2.io/images/2024/07/09/Rajabandotfav.png]
[imgsaya4.io/images/2025/11/17/1april_09-bandar-toto-macau-53.11.2025.jpg]
[d3ulwu8fab47va.cloudfront.net/skin/frontend/default/ubuycom-v2/js/tagevents.3ea5b.delayed]
[ubuyanalytics.ubuy.com/ubuywebanalytics/webtrack/js/velocity.min3b8d.js]
[ubuyanalytics.ubuy.com/ubuywebanalytics/webtrack/track.min.63b8d.delayed]
[www.ubuy.com.kh/ubuycom/assets/v5/custom_js/productdetail.all_storeea5b.js]
[www.ubuy.com.kh/skin/frontend/default/ubuycom-v1/js/size-chart.8ea5b.delayed]
[www.ubuy.com.kh/skin/frontend/default/ubuycom-v1/js/star-rating.min.js]
[imgsaya3.io/images/2025/10/05/G-GIFLOGO18.gif]
[imgsaya3.io/images/2025/11/17/MACAWS.gif]
[imgsaya3.io/images/2025/11/17/HONGKONGS.gif]
[imgsaya3.io/images/2025/11/17/SYDNEYS.gif]
[imgsaya3.io/images/2025/11/17/SINGAPORES.gif]
[imgsaya3.io/images/2025/11/17/CAMBO.gif]
[imgsaya.io/download/lqRsAM9p.gif]
[imgsaya.io/download/fVCbzwvc.gif]
[imgsaya.io/download/KATXq0sb.gif]
[imgsaya.io/download/QhNSHvfr.gif]
[imgsaya.io/download/56Efy4LG.gif]
[imgsaya3.io/images/2025/05/24/GIF-RTP-RABAN-MINI.gif]
[d2ati23fc66y9j.cloudfront.net/ubuycom/homebanner/payment_methods-175369014491.png]
[d2ati23fc66y9j.cloudfront.net/ubuycom/homebanner/payment_methods-175368113152.png]
[d2ati23fc66y9j.cloudfront.net/ubuycom/homebanner/payment_methods-175368114244.png]
[d3ulwu8fab47va.cloudfront.net/skin/frontend/default/ubuycom-v1/js/script-menu-min.1aea5b.delayed]
[d3ulwu8fab47va.cloudfront.net/skin/frontend/default/ubuycom-v1/js/lazy.min.js]
[www.ubuy.com.kh/ubuycom/assets/v5/custom_js/customea5b.js]
[d3ulwu8fab47va.cloudfront.net/skin/frontend/default/ubuycom-v1/js/jquery.fancybox.min.js]
[cdnjs.cloudflare.com/ajax/libs/Chart.js/2.9.4/Chart.min.js]
[d1v2u6by4izioz.cloudfront.net/e99ca47bc67c5a965f2a79618180ba22.min44af.js]
[ubuyanalytics.ubuy.com/ubuywebanalytics/webtrack/css/track.min3b8d.css]
[ubuyanalytics.ubuy.com/ubuywebanalytics/webtrack/css/vertical3b8d.css]
[www.gstatic.com/firebasejs/9.0.0/firebase-app.js]
[www.gstatic.com/firebasejs/9.0.0/firebase-messaging.js]
[mikeadamsgolf.com/miura-vs-mizuno/index.html]
[www.googletagmanager.com/gtm5445.html]
[d3ulwu8fab47va.cloudfront.net/skin/frontend/default/ubuycom-v2/js/tageventsea5b.html]
[ubuyanalytics.ubuy.com/ubuywebanalytics/webtrack/track.min3b8d.html]
[www.ubuy.com.kh/skin/frontend/default/ubuycom-v1/js/size-chartea5b.html]
[www.ubuy.com.kh/skin/frontend/default/ubuycom-v1/js/star-rating.min.html]
[d3ulwu8fab47va.cloudfront.net/skin/frontend/default/ubuycom-v1/js/script-menu-minea5b.html]
[d3ulwu8fab47va.cloudfront.net/skin/frontend/default/ubuycom-v1/js/lazy.min.html]
[d3ulwu8fab47va.cloudfront.net/skin/frontend/default/ubuycom-v1/js/jquery.fancybox.min.html]
[ubuyanalytics.ubuy.com/ubuywebanalytics/webtrack/css/fonts/Impact.24.delayed]
[ubuyanalytics.ubuy.com/ubuywebanalytics/webtrack/css/fonts/Impact.ttf]
[ubuyanalytics.ubuy.com/ubuywebanalytics/webtrack/css/fonts/Impact.woff]
[ubuyanalytics.ubuy.com/ubuywebanalytics/webtrack/css/fonts/impact.eot]
[ubuyanalytics.ubuy.com/ubuywebanalytics/webtrack/css/fonts/impactd41d.eot]
[ubuyanalytics.ubuy.com/ubuywebanalytics/webtrack/css/fonts/impact.woff2]
[ubuyanalytics.ubuy.com/ubuywebanalytics/webtrack/css/track.min3b8d.css]
[ubuyanalytics.ubuy.com/ubuywebanalytics/webtrack/css/vertical3b8d.css]
[ubuyanalytics.ubuy.com/ubuywebanalytics/webtrack/css/fonts/Impact.html]
[ubuyanalytics.ubuy.com/ubuywebanalytics/webtrack/css/fonts/Impact-2.html]
[ubuyanalytics.ubuy.com/ubuywebanalytics/webtrack/css/fonts/Impact-3.html]
[ubuyanalytics.ubuy.com/ubuywebanalytics/webtrack/css/fonts/impact-4.html]
[ubuyanalytics.ubuy.com/ubuywebanalytics/webtrack/css/fonts/impactd41d.html]
[ubuyanalytics.ubuy.com/ubuywebanalytics/webtrack/css/fonts/impact-5.html]
